O IMEI:359206079599866 não possui todas as imagens

O IMEI:353841086445574 não possui todas as imagens

O IMEI:355829084244832 não possui todas as imagens

O IMEI:353810089245331 não possui todas as imagens

O IMEI:352990095554891 não possui todas as imagens

O IMEI:354841091973965 não possui todas as imagens

O IMEI:359403082108864 não possui todas as imagens

O IMEI:359408081069645 não possui todas as imagens

O IMEI:356726081814444 não possui todas as imagens

O IMEI:354840098336226 não possui todas as imagens

O IMEI:357201095403211 não possui todas as imagens

O IMEI:357276090744512 não possui todas as imagens

O IMEI:356460104799271 não possui todas as imagens

O IMEI:356445103840713 não possui todas as imagens

O IMEI:352889119330116 não possui todas as imagens

O IMEI:356873118359314 não possui todas as imagens

O IMEI:350559899596713 não possui todas as imagens

O IMEI:357923217294463 não possui todas as imagens

O IMEI:356553109934685 não possui todas as imagens

O IMEI:353845109100181 não possui todas as imagens

O IMEI:353924108816699 não possui todas as imagens

O IMEI:352023216627220 não possui todas as imagens

O IMEI:352561338826402 não possui todas as imagens

O IMEI:356133311488331 não possui todas as imagens

O IMEI:350360638009633 não possui todas as imagens
